// Jest Snapshot v1, https://goo.gl/fbAQLP

exports[`renders the PostList component correctly 1`] = `
<div>
  <h3>
    A list of all the posts
  </h3>
  <ol />
</div>
`;
